{"ts":"2026-09-30T01:53:37.411Z","engineVersion":"0.1.0","event":"INTENT_CREATED","space":"default","intent":"260930-create-new-flutter","scope":"classic"}
{"ts":"2026-09-30T01:53:37.411Z","engineVersion":"0.1.0","event":"SCOPE_SELECTED","space":"default","intent":"260930-create-new-flutter","scope":"classic"}
{"ts":"2026-09-30T01:53:37.412Z","engineVersion":"0.1.0","event":"STAGE_STARTED","space":"default","intent":"260930-create-new-flutter","phase":"analyze","stage":"intent-capture"}
{"ts":"2026-09-30T01:55:28.534Z","engineVersion":"0.1.0","space":"default","intent":"260930-create-new-flutter","phase":"analyze","stage":"intent-capture","result":"awaiting-approval","userInput":null,"reason":null,"event":"STAGE_AWAITING_APPROVAL"}
{"ts":"2026-09-30T01:55:43.413Z","engineVersion":"0.1.0","space":"default","intent":"260930-create-new-flutter","phase":"analyze","stage":"intent-capture","result":"approved","userInput":null,"reason":null,"event":"STAGE_APPROVED"}
{"ts":"2026-09-30T01:55:43.414Z","engineVersion":"0.1.0","event":"STAGE_STARTED","space":"default","intent":"260930-create-new-flutter","phase":"analyze","stage":"requirements-analysis"}
{"ts":"2026-09-30T01:56:18.176Z","engineVersion":"0.1.0","space":"default","intent":"260930-create-new-flutter","phase":"analyze","stage":"requirements-analysis","result":"awaiting-approval","userInput":null,"reason":null,"event":"STAGE_AWAITING_APPROVAL"}
{"ts":"2026-09-30T01:56:28.249Z","engineVersion":"0.1.0","space":"default","intent":"260930-create-new-flutter","phase":"analyze","stage":"requirements-analysis","result":"approved","userInput":null,"reason":null,"event":"STAGE_APPROVED"}
{"ts":"2026-09-30T01:56:28.250Z","engineVersion":"0.1.0","event":"STAGE_STARTED","space":"default","intent":"260930-create-new-flutter","phase":"analyze","stage":"research-synthesis"}
{"ts":"2026-09-30T01:56:32.483Z","engineVersion":"0.1.0","space":"default","intent":"260930-create-new-flutter","phase":"analyze","stage":"research-synthesis","result":"skipped","userInput":null,"reason":"Condition not met: the solution space is fully familiar (canonical Flutter app) and neither build-vs-buy nor library selection is open. CR-1/NFR-2 forbid third-party runtime packages, so there is nothing decision-relevant to research.","event":"STAGE_SKIPPED"}
{"ts":"2026-09-30T01:56:32.484Z","engineVersion":"0.1.0","event":"STAGE_STARTED","space":"default","intent":"260930-create-new-flutter","phase":"analyze","stage":"feasibility-assessment"}
{"ts":"2026-09-30T01:57:26.550Z","engineVersion":"0.1.0","event":"WORKFLOW_PARKED","space":"default","intent":"260930-create-new-flutter","stage":"feasibility-assessment"}
{"ts":"2026-09-30T06:13:46.273Z","engineVersion":"0.1.0","event":"INTENT_CREATED","space":"default","intent":"260930-create-new-flutter-2","scope":"classic"}
{"ts":"2026-09-30T06:13:46.274Z","engineVersion":"0.1.0","event":"SCOPE_SELECTED","space":"default","intent":"260930-create-new-flutter-2","scope":"classic"}
{"ts":"2026-09-30T06:13:46.275Z","engineVersion":"0.1.0","event":"STAGE_STARTED","space":"default","intent":"260930-create-new-flutter-2","phase":"analyze","stage":"intent-capture"}
{"ts":"2026-09-30T06:14:08.544Z","engineVersion":"0.1.0","space":"default","intent":"260930-create-new-flutter-2","phase":"analyze","stage":"intent-capture","result":"awaiting-approval","userInput":null,"reason":null,"event":"STAGE_AWAITING_APPROVAL"}
{"ts":"2026-09-30T06:14:08.545Z","engineVersion":"0.1.0","event":"STAGE_AUTO_APPROVED","space":"default","intent":"260930-create-new-flutter-2","phase":"analyze","stage":"intent-capture","reason":"yolo mode: gate auto-satisfied with the recommended answer"}
{"ts":"2026-09-30T06:14:08.545Z","engineVersion":"0.1.0","event":"STAGE_STARTED","space":"default","intent":"260930-create-new-flutter-2","phase":"analyze","stage":"requirements-analysis"}
{"ts":"2026-09-30T06:14:31.158Z","engineVersion":"0.1.0","space":"default","intent":"260930-create-new-flutter-2","phase":"analyze","stage":"requirements-analysis","result":"awaiting-approval","userInput":null,"reason":null,"event":"STAGE_AWAITING_APPROVAL"}
{"ts":"2026-09-30T06:14:31.159Z","engineVersion":"0.1.0","event":"STAGE_AUTO_APPROVED","space":"default","intent":"260930-create-new-flutter-2","phase":"analyze","stage":"requirements-analysis","reason":"yolo mode: gate auto-satisfied with the recommended answer"}
{"ts":"2026-09-30T06:14:31.159Z","engineVersion":"0.1.0","event":"STAGE_STARTED","space":"default","intent":"260930-create-new-flutter-2","phase":"analyze","stage":"research-synthesis"}
{"ts":"2026-09-30T06:14:35.664Z","engineVersion":"0.1.0","space":"default","intent":"260930-create-new-flutter-2","phase":"analyze","stage":"research-synthesis","result":"skipped","userInput":null,"reason":"Condition not met: the StatefulWidget/State/setState pattern is a canonical, fully familiar framework primitive, and build-vs-buy and library selection are closed by CR-1 (built-in state only) and NFR-2 (no runtime dependencies). No decision-relevant external research exists.","event":"STAGE_SKIPPED"}
{"ts":"2026-09-30T06:14:35.665Z","engineVersion":"0.1.0","event":"STAGE_STARTED","space":"default","intent":"260930-create-new-flutter-2","phase":"analyze","stage":"feasibility-assessment"}
{"ts":"2026-09-30T06:15:26.906Z","engineVersion":"0.1.0","space":"default","intent":"260930-create-new-flutter-2","phase":"analyze","stage":"feasibility-assessment","result":"awaiting-approval","userInput":null,"reason":null,"event":"STAGE_AWAITING_APPROVAL"}
{"ts":"2026-09-30T06:15:26.907Z","engineVersion":"0.1.0","event":"STAGE_AUTO_APPROVED","space":"default","intent":"260930-create-new-flutter-2","phase":"analyze","stage":"feasibility-assessment","reason":"yolo mode: gate auto-satisfied with the recommended answer"}
{"ts":"2026-09-30T06:15:26.907Z","engineVersion":"0.1.0","event":"PHASE_AWAITING_APPROVAL","space":"default","intent":"260930-create-new-flutter-2","phase":"analyze"}
{"ts":"2026-09-30T06:19:19.612Z","engineVersion":"0.1.0","space":"default","intent":"260930-create-new-flutter-2","phase":"analyze","result":"approved","userInput":null,"reason":null,"event":"PHASE_APPROVED"}
{"ts":"2026-09-30T06:19:19.613Z","engineVersion":"0.1.0","event":"STAGE_STARTED","space":"default","intent":"260930-create-new-flutter-2","phase":"ideate","stage":"architecture-design"}
{"ts":"2026-09-30T06:19:43.872Z","engineVersion":"0.1.0","space":"default","intent":"260930-create-new-flutter-2","phase":"ideate","stage":"architecture-design","result":"awaiting-approval","userInput":null,"reason":null,"event":"STAGE_AWAITING_APPROVAL"}
{"ts":"2026-09-30T06:19:43.873Z","engineVersion":"0.1.0","event":"STAGE_AUTO_APPROVED","space":"default","intent":"260930-create-new-flutter-2","phase":"ideate","stage":"architecture-design","reason":"yolo mode: gate auto-satisfied with the recommended answer"}
{"ts":"2026-09-30T06:19:43.873Z","engineVersion":"0.1.0","event":"STAGE_STARTED","space":"default","intent":"260930-create-new-flutter-2","phase":"ideate","stage":"api-contract"}
{"ts":"2026-09-30T06:20:00.672Z","engineVersion":"0.1.0","space":"default","intent":"260930-create-new-flutter-2","phase":"ideate","stage":"api-contract","result":"awaiting-approval","userInput":null,"reason":null,"event":"STAGE_AWAITING_APPROVAL"}
{"ts":"2026-09-30T06:20:00.673Z","engineVersion":"0.1.0","event":"STAGE_AUTO_APPROVED","space":"default","intent":"260930-create-new-flutter-2","phase":"ideate","stage":"api-contract","reason":"yolo mode: gate auto-satisfied with the recommended answer"}
{"ts":"2026-09-30T06:20:00.673Z","engineVersion":"0.1.0","event":"STAGE_STARTED","space":"default","intent":"260930-create-new-flutter-2","phase":"ideate","stage":"design-patterns"}
{"ts":"2026-09-30T06:20:17.755Z","engineVersion":"0.1.0","space":"default","intent":"260930-create-new-flutter-2","phase":"ideate","stage":"design-patterns","result":"awaiting-approval","userInput":null,"reason":null,"event":"STAGE_AWAITING_APPROVAL"}
{"ts":"2026-09-30T06:20:17.756Z","engineVersion":"0.1.0","event":"STAGE_AUTO_APPROVED","space":"default","intent":"260930-create-new-flutter-2","phase":"ideate","stage":"design-patterns","reason":"yolo mode: gate auto-satisfied with the recommended answer"}
{"ts":"2026-09-30T06:20:17.756Z","engineVersion":"0.1.0","event":"STAGE_STARTED","space":"default","intent":"260930-create-new-flutter-2","phase":"ideate","stage":"technical-spec"}
{"ts":"2026-09-30T06:20:36.563Z","engineVersion":"0.1.0","space":"default","intent":"260930-create-new-flutter-2","phase":"ideate","stage":"technical-spec","result":"awaiting-approval","userInput":null,"reason":null,"event":"STAGE_AWAITING_APPROVAL"}
{"ts":"2026-09-30T06:20:36.564Z","engineVersion":"0.1.0","event":"STAGE_AUTO_APPROVED","space":"default","intent":"260930-create-new-flutter-2","phase":"ideate","stage":"technical-spec","reason":"yolo mode: gate auto-satisfied with the recommended answer"}
{"ts":"2026-09-30T06:20:36.565Z","engineVersion":"0.1.0","event":"PHASE_AWAITING_APPROVAL","space":"default","intent":"260930-create-new-flutter-2","phase":"ideate"}
{"ts":"2026-09-30T06:20:37.921Z","engineVersion":"0.1.0","space":"default","intent":"260930-create-new-flutter-2","phase":"ideate","result":"approved","userInput":null,"reason":null,"event":"PHASE_APPROVED"}
{"ts":"2026-09-30T06:20:37.922Z","engineVersion":"0.1.0","event":"STAGE_STARTED","space":"default","intent":"260930-create-new-flutter-2","phase":"develop","stage":"task-planning"}
{"ts":"2026-09-30T06:20:58.399Z","engineVersion":"0.1.0","space":"default","intent":"260930-create-new-flutter-2","phase":"develop","stage":"task-planning","result":"awaiting-approval","userInput":null,"reason":null,"event":"STAGE_AWAITING_APPROVAL"}
{"ts":"2026-09-30T06:20:58.400Z","engineVersion":"0.1.0","event":"STAGE_AUTO_APPROVED","space":"default","intent":"260930-create-new-flutter-2","phase":"develop","stage":"task-planning","reason":"yolo mode: gate auto-satisfied with the recommended answer"}
{"ts":"2026-09-30T06:20:58.400Z","engineVersion":"0.1.0","event":"STAGE_STARTED","space":"default","intent":"260930-create-new-flutter-2","phase":"develop","stage":"code-generation"}
{"ts":"2026-09-30T06:24:46.837Z","engineVersion":"0.1.0","space":"default","intent":"260930-create-new-flutter-2","phase":"develop","stage":"code-generation","result":"awaiting-approval","userInput":null,"reason":null,"event":"STAGE_AWAITING_APPROVAL"}
{"ts":"2026-09-30T06:24:46.838Z","engineVersion":"0.1.0","event":"STAGE_AUTO_APPROVED","space":"default","intent":"260930-create-new-flutter-2","phase":"develop","stage":"code-generation","reason":"yolo mode: gate auto-satisfied with the recommended answer"}
{"ts":"2026-09-30T06:24:46.838Z","engineVersion":"0.1.0","event":"STAGE_STARTED","space":"default","intent":"260930-create-new-flutter-2","phase":"develop","stage":"code-review"}
{"ts":"2026-09-30T06:25:06.724Z","engineVersion":"0.1.0","space":"default","intent":"260930-create-new-flutter-2","phase":"develop","stage":"code-review","result":"awaiting-approval","userInput":null,"reason":null,"event":"STAGE_AWAITING_APPROVAL"}
{"ts":"2026-09-30T06:25:06.725Z","engineVersion":"0.1.0","event":"STAGE_AUTO_APPROVED","space":"default","intent":"260930-create-new-flutter-2","phase":"develop","stage":"code-review","reason":"yolo mode: gate auto-satisfied with the recommended answer"}
{"ts":"2026-09-30T06:25:06.725Z","engineVersion":"0.1.0","event":"STAGE_STARTED","space":"default","intent":"260930-create-new-flutter-2","phase":"develop","stage":"refactor"}
{"ts":"2026-09-30T06:25:37.876Z","engineVersion":"0.1.0","space":"default","intent":"260930-create-new-flutter-2","phase":"develop","stage":"refactor","result":"awaiting-approval","userInput":null,"reason":null,"event":"STAGE_AWAITING_APPROVAL"}
{"ts":"2026-09-30T06:25:37.877Z","engineVersion":"0.1.0","event":"STAGE_AUTO_APPROVED","space":"default","intent":"260930-create-new-flutter-2","phase":"develop","stage":"refactor","reason":"yolo mode: gate auto-satisfied with the recommended answer"}
{"ts":"2026-09-30T06:25:37.877Z","engineVersion":"0.1.0","event":"PHASE_AWAITING_APPROVAL","space":"default","intent":"260930-create-new-flutter-2","phase":"develop"}
{"ts":"2026-09-30T06:25:39.452Z","engineVersion":"0.1.0","space":"default","intent":"260930-create-new-flutter-2","phase":"develop","result":"approved","userInput":null,"reason":null,"event":"PHASE_APPROVED"}
{"ts":"2026-09-30T06:25:39.453Z","engineVersion":"0.1.0","event":"STAGE_STARTED","space":"default","intent":"260930-create-new-flutter-2","phase":"launch","stage":"test-plan"}
{"ts":"2026-09-30T06:25:55.055Z","engineVersion":"0.1.0","space":"default","intent":"260930-create-new-flutter-2","phase":"launch","stage":"test-plan","result":"awaiting-approval","userInput":null,"reason":null,"event":"STAGE_AWAITING_APPROVAL"}
{"ts":"2026-09-30T06:25:55.056Z","engineVersion":"0.1.0","event":"STAGE_AUTO_APPROVED","space":"default","intent":"260930-create-new-flutter-2","phase":"launch","stage":"test-plan","reason":"yolo mode: gate auto-satisfied with the recommended answer"}
{"ts":"2026-09-30T06:25:55.057Z","engineVersion":"0.1.0","event":"STAGE_STARTED","space":"default","intent":"260930-create-new-flutter-2","phase":"launch","stage":"test-generation"}
{"ts":"2026-09-30T06:26:15.088Z","engineVersion":"0.1.0","space":"default","intent":"260930-create-new-flutter-2","phase":"launch","stage":"test-generation","result":"awaiting-approval","userInput":null,"reason":null,"event":"STAGE_AWAITING_APPROVAL"}
{"ts":"2026-09-30T06:26:15.089Z","engineVersion":"0.1.0","event":"STAGE_AUTO_APPROVED","space":"default","intent":"260930-create-new-flutter-2","phase":"launch","stage":"test-generation","reason":"yolo mode: gate auto-satisfied with the recommended answer"}
{"ts":"2026-09-30T06:26:15.089Z","engineVersion":"0.1.0","event":"STAGE_STARTED","space":"default","intent":"260930-create-new-flutter-2","phase":"launch","stage":"ci-pipeline"}
{"ts":"2026-09-30T06:26:22.512Z","engineVersion":"0.1.0","space":"default","intent":"260930-create-new-flutter-2","phase":"launch","stage":"ci-pipeline","result":"skipped","userInput":null,"reason":"Out of scope: CR-1 and Intent statement section 5 explicitly exclude CI/CD. This is a single-file teaching example with no release automation; the build contract (flutter pub get / analyze / test) is documented in implementation-plan.md section 3 and run locally. Adding a pipeline would be scope creep flagged by code review.","event":"STAGE_SKIPPED"}
{"ts":"2026-09-30T06:26:22.513Z","engineVersion":"0.1.0","event":"STAGE_STARTED","space":"default","intent":"260930-create-new-flutter-2","phase":"launch","stage":"deployment"}
{"ts":"2026-09-30T06:26:27.134Z","engineVersion":"0.1.0","space":"default","intent":"260930-create-new-flutter-2","phase":"launch","stage":"deployment","result":"skipped","userInput":null,"reason":"Condition not met and out of scope: the deliverable is a repository example run locally with flutter run, not a deployed service. CR-1 and Intent section 5 exclude deployment and release tooling, and the required ci-config artifact is absent by design after the CI stage was skipped. There are no environments, health checks, or rollback path to automate.","event":"STAGE_SKIPPED"}
{"ts":"2026-09-30T06:26:27.135Z","engineVersion":"0.1.0","event":"STAGE_STARTED","space":"default","intent":"260930-create-new-flutter-2","phase":"launch","stage":"release-validation"}
{"ts":"2026-09-30T06:27:01.125Z","engineVersion":"0.1.0","space":"default","intent":"260930-create-new-flutter-2","phase":"launch","stage":"release-validation","result":"awaiting-approval","userInput":null,"reason":null,"event":"STAGE_AWAITING_APPROVAL"}
{"ts":"2026-09-30T06:27:01.126Z","engineVersion":"0.1.0","event":"STAGE_AUTO_APPROVED","space":"default","intent":"260930-create-new-flutter-2","phase":"launch","stage":"release-validation","reason":"yolo mode: gate auto-satisfied with the recommended answer"}
{"ts":"2026-09-30T06:27:01.126Z","engineVersion":"0.1.0","event":"PHASE_AWAITING_APPROVAL","space":"default","intent":"260930-create-new-flutter-2","phase":"launch"}
{"ts":"2026-09-30T06:27:02.688Z","engineVersion":"0.1.0","space":"default","intent":"260930-create-new-flutter-2","phase":"launch","result":"approved","userInput":null,"reason":null,"event":"PHASE_APPROVED"}
{"ts":"2026-09-30T06:27:02.689Z","engineVersion":"0.1.0","event":"STAGE_STARTED","space":"default","intent":"260930-create-new-flutter-2","phase":"curate","stage":"observability-setup"}
{"ts":"2026-09-30T06:27:16.664Z","engineVersion":"0.1.0","space":"default","intent":"260930-create-new-flutter-2","phase":"curate","stage":"observability-setup","result":"awaiting-approval","userInput":null,"reason":null,"event":"STAGE_AWAITING_APPROVAL"}
{"ts":"2026-09-30T06:27:16.664Z","engineVersion":"0.1.0","event":"STAGE_AUTO_APPROVED","space":"default","intent":"260930-create-new-flutter-2","phase":"curate","stage":"observability-setup","reason":"yolo mode: gate auto-satisfied with the recommended answer"}
{"ts":"2026-09-30T06:27:16.665Z","engineVersion":"0.1.0","event":"STAGE_STARTED","space":"default","intent":"260930-create-new-flutter-2","phase":"curate","stage":"documentation-update"}
{"ts":"2026-09-30T06:27:36.792Z","engineVersion":"0.1.0","space":"default","intent":"260930-create-new-flutter-2","phase":"curate","stage":"documentation-update","result":"awaiting-approval","userInput":null,"reason":null,"event":"STAGE_AWAITING_APPROVAL"}
{"ts":"2026-09-30T06:27:36.793Z","engineVersion":"0.1.0","event":"STAGE_AUTO_APPROVED","space":"default","intent":"260930-create-new-flutter-2","phase":"curate","stage":"documentation-update","reason":"yolo mode: gate auto-satisfied with the recommended answer"}
{"ts":"2026-09-30T06:27:36.793Z","engineVersion":"0.1.0","event":"STAGE_STARTED","space":"default","intent":"260930-create-new-flutter-2","phase":"curate","stage":"incident-analysis"}
{"ts":"2026-09-30T06:27:41.339Z","engineVersion":"0.1.0","space":"default","intent":"260930-create-new-flutter-2","phase":"curate","stage":"incident-analysis","result":"skipped","userInput":null,"reason":"Condition not met: no incident or regression occurred. The example was built cleanly (analyze/test/build all green on the first pass) and the only defects found were two non-blocking review nitpicks, one of which was fixed in Refactoring. The earlier missing-Flutter-SDK blocker belonged to the previous intent (260930-create-new-flutter) and was resolved before this intent started.","event":"STAGE_SKIPPED"}
{"ts":"2026-09-30T06:27:41.340Z","engineVersion":"0.1.0","event":"STAGE_STARTED","space":"default","intent":"260930-create-new-flutter-2","phase":"curate","stage":"performance-optimization"}
{"ts":"2026-09-30T06:27:46.631Z","engineVersion":"0.1.0","space":"default","intent":"260930-create-new-flutter-2","phase":"curate","stage":"performance-optimization","result":"skipped","userInput":null,"reason":"Condition not met: there is no named performance goal and no metric showing a budget miss. technical-spec.md section 4 states no performance budget is defined or meaningful for an 87-line single-widget example, and the observability record defines no runtime metrics. The one conceivable micro-optimisation (narrowing rebuilds) would break ADR-003's single-widget design and NFR-4 readability for no measured benefit.","event":"STAGE_SKIPPED"}
{"ts":"2026-09-30T06:27:46.633Z","engineVersion":"0.1.0","event":"PHASE_AWAITING_APPROVAL","space":"default","intent":"260930-create-new-flutter-2","phase":"curate"}
{"ts":"2026-09-30T06:27:48.357Z","engineVersion":"0.1.0","space":"default","intent":"260930-create-new-flutter-2","phase":"curate","result":"approved","userInput":null,"reason":null,"event":"PHASE_APPROVED"}
{"ts":"2026-09-30T06:27:48.358Z","engineVersion":"0.1.0","event":"WORKFLOW_COMPLETED","space":"default","intent":"260930-create-new-flutter-2"}
